  모듈 종속성의 소스를 검사하는 중...
  Employee.ixx
  Database.ixx
  Employee01.ixx
  vector
  iostream
  stdexcept
  string
  format
  컴파일하는 중...
  string
  iostream
  stdexcept
  vector
  format
  Employee01.ixx
  Employee.ixx
  Database.ixx
  Array.cpp
  Array_Main.cpp
  Database.cpp
  DatabaseTest.cpp
  Employee.cpp
  Employee01.cpp
  EmployeeTest.cpp
  Practice01.cpp
  UserInterface.cpp
Array_Main.obj : error LNK2001: 확인할 수 없는 외부 기호 "public: virtual __cdecl Array<int>::~Array<int>(void)" (??1?$Array@H@@UEAA@XZ)
Array_Main.obj : error LNK2001: 확인할 수 없는 외부 기호 "public: __cdecl Array<int>::Array<int>(void)" (??0?$Array@H@@QEAA@XZ)
C:\GameServerPrograming\CPP\CPP_All_In_One\x64\Release\ForProfessionalCPP.exe : fatal error LNK1120: 2개의 확인할 수 없는 외부 참조입니다.
