c:\gameprograming\cpp\cpp_all_in_one\x64\debug\cpp_all_in_one.exe
c:\gameprograming\cpp\cpp_all_in_one\x64\debug\cpp_all_in_one.pdb
c:\gameprograming\cpp\cpp_all_in_one\cpp_all_in_one\x64\debug\xutility_co0n70i57wbbijxq.ifc
c:\gameprograming\cpp\cpp_all_in_one\cpp_all_in_one\x64\debug\xutility_co0n70i57wbbijxq.ifc.d.json
c:\gameprograming\cpp\cpp_all_in_one\cpp_all_in_one\x64\debug\xutility_co0n70i57wbbijxq.obj
c:\gameprograming\cpp\cpp_all_in_one\cpp_all_in_one\x64\debug\system_error_md9mflbkg8r9bwkz.ifc
c:\gameprograming\cpp\cpp_all_in_one\cpp_all_in_one\x64\debug\system_error_md9mflbkg8r9bwkz.ifc.d.json
c:\gameprograming\cpp\cpp_all_in_one\cpp_all_in_one\x64\debug\system_error_md9mflbkg8r9bwkz.obj
c:\gameprograming\cpp\cpp_all_in_one\cpp_all_in_one\x64\debug\xnode_handle.h_ma3s3vkiummwc91k.ifc
c:\gameprograming\cpp\cpp_all_in_one\cpp_all_in_one\x64\debug\xnode_handle.h_ma3s3vkiummwc91k.ifc.d.json
c:\gameprograming\cpp\cpp_all_in_one\cpp_all_in_one\x64\debug\xnode_handle.h_ma3s3vkiummwc91k.obj
c:\gameprograming\cpp\cpp_all_in_one\cpp_all_in_one\x64\debug\__msvc_chrono.hpp_0x6s89w5ui9i1o9m.ifc
c:\gameprograming\cpp\cpp_all_in_one\cpp_all_in_one\x64\debug\__msvc_chrono.hpp_0x6s89w5ui9i1o9m.ifc.d.json
c:\gameprograming\cpp\cpp_all_in_one\cpp_all_in_one\x64\debug\__msvc_chrono.hpp_0x6s89w5ui9i1o9m.obj
c:\gameprograming\cpp\cpp_all_in_one\cpp_all_in_one\x64\debug\cstring_mgv710pl4klog5b8.ifc
c:\gameprograming\cpp\cpp_all_in_one\cpp_all_in_one\x64\debug\cstring_mgv710pl4klog5b8.ifc.d.json
c:\gameprograming\cpp\cpp_all_in_one\cpp_all_in_one\x64\debug\cstring_mgv710pl4klog5b8.obj
c:\gameprograming\cpp\cpp_all_in_one\cpp_all_in_one\x64\debug\cfloat_n3sx3tsvnac1r53l.ifc
c:\gameprograming\cpp\cpp_all_in_one\cpp_all_in_one\x64\debug\cfloat_n3sx3tsvnac1r53l.ifc.d.json
c:\gameprograming\cpp\cpp_all_in_one\cpp_all_in_one\x64\debug\cfloat_n3sx3tsvnac1r53l.obj
c:\gameprograming\cpp\cpp_all_in_one\cpp_all_in_one\x64\debug\xbit_ops.h_sy1h5yl7vhv3scwc.ifc
c:\gameprograming\cpp\cpp_all_in_one\cpp_all_in_one\x64\debug\xbit_ops.h_sy1h5yl7vhv3scwc.ifc.d.json
c:\gameprograming\cpp\cpp_all_in_one\cpp_all_in_one\x64\debug\xbit_ops.h_sy1h5yl7vhv3scwc.obj
c:\gameprograming\cpp\cpp_all_in_one\cpp_all_in_one\x64\debug\array_l8jt3n86b1xzxku8.ifc
c:\gameprograming\cpp\cpp_all_in_one\cpp_all_in_one\x64\debug\array_l8jt3n86b1xzxku8.ifc.d.json
c:\gameprograming\cpp\cpp_all_in_one\cpp_all_in_one\x64\debug\array_l8jt3n86b1xzxku8.obj
c:\gameprograming\cpp\cpp_all_in_one\cpp_all_in_one\x64\debug\iterator_po1m4e3kltqefw97.ifc
c:\gameprograming\cpp\cpp_all_in_one\cpp_all_in_one\x64\debug\iterator_po1m4e3kltqefw97.ifc.d.json
c:\gameprograming\cpp\cpp_all_in_one\cpp_all_in_one\x64\debug\iterator_po1m4e3kltqefw97.obj
c:\gameprograming\cpp\cpp_all_in_one\cpp_all_in_one\x64\debug\xpolymorphic_allocator.h_dwtveewm652y0m2f.ifc
c:\gameprograming\cpp\cpp_all_in_one\cpp_all_in_one\x64\debug\xpolymorphic_allocator.h_dwtveewm652y0m2f.ifc.d.json
c:\gameprograming\cpp\cpp_all_in_one\cpp_all_in_one\x64\debug\xpolymorphic_allocator.h_dwtveewm652y0m2f.obj
c:\gameprograming\cpp\cpp_all_in_one\cpp_all_in_one\x64\debug\cstdint_c446wctbpibony7z.ifc
c:\gameprograming\cpp\cpp_all_in_one\cpp_all_in_one\x64\debug\cstdint_c446wctbpibony7z.ifc.d.json
c:\gameprograming\cpp\cpp_all_in_one\cpp_all_in_one\x64\debug\cstdint_c446wctbpibony7z.obj
c:\gameprograming\cpp\cpp_all_in_one\cpp_all_in_one\x64\debug\utility_z8fhw387umlx6pjj.ifc
c:\gameprograming\cpp\cpp_all_in_one\cpp_all_in_one\x64\debug\utility_z8fhw387umlx6pjj.ifc.d.json
c:\gameprograming\cpp\cpp_all_in_one\cpp_all_in_one\x64\debug\utility_z8fhw387umlx6pjj.obj
c:\gameprograming\cpp\cpp_all_in_one\cpp_all_in_one\x64\debug\xcharconv_ryu_tables.h_gxjfl4wh0k3cevuf.ifc
c:\gameprograming\cpp\cpp_all_in_one\cpp_all_in_one\x64\debug\xcharconv_ryu_tables.h_gxjfl4wh0k3cevuf.ifc.d.json
c:\gameprograming\cpp\cpp_all_in_one\cpp_all_in_one\x64\debug\xcharconv_ryu_tables.h_gxjfl4wh0k3cevuf.obj
c:\gameprograming\cpp\cpp_all_in_one\cpp_all_in_one\x64\debug\xlocnum_jb5aqn15g6hw79ob.ifc
c:\gameprograming\cpp\cpp_all_in_one\cpp_all_in_one\x64\debug\xlocnum_jb5aqn15g6hw79ob.ifc.d.json
c:\gameprograming\cpp\cpp_all_in_one\cpp_all_in_one\x64\debug\xlocnum_jb5aqn15g6hw79ob.obj
c:\gameprograming\cpp\cpp_all_in_one\cpp_all_in_one\x64\debug\xlocale_rapd8hoyczrc45ek.ifc
c:\gameprograming\cpp\cpp_all_in_one\cpp_all_in_one\x64\debug\xlocale_rapd8hoyczrc45ek.ifc.d.json
c:\gameprograming\cpp\cpp_all_in_one\cpp_all_in_one\x64\debug\xlocale_rapd8hoyczrc45ek.obj
c:\gameprograming\cpp\cpp_all_in_one\cpp_all_in_one\x64\debug\cstdlib_dkvbwktgk9wf5me5.ifc
c:\gameprograming\cpp\cpp_all_in_one\cpp_all_in_one\x64\debug\cstdlib_dkvbwktgk9wf5me5.ifc.d.json
c:\gameprograming\cpp\cpp_all_in_one\cpp_all_in_one\x64\debug\cstdlib_dkvbwktgk9wf5me5.obj
c:\gameprograming\cpp\cpp_all_in_one\cpp_all_in_one\x64\debug\cctype_rtjoan0w23954khg.ifc
c:\gameprograming\cpp\cpp_all_in_one\cpp_all_in_one\x64\debug\cctype_rtjoan0w23954khg.ifc.d.json
c:\gameprograming\cpp\cpp_all_in_one\cpp_all_in_one\x64\debug\cctype_rtjoan0w23954khg.obj
c:\gameprograming\cpp\cpp_all_in_one\cpp_all_in_one\x64\debug\xatomic_wait.h_eswpsotkm4z0g51v.ifc
c:\gameprograming\cpp\cpp_all_in_one\cpp_all_in_one\x64\debug\xatomic_wait.h_eswpsotkm4z0g51v.ifc.d.json
c:\gameprograming\cpp\cpp_all_in_one\cpp_all_in_one\x64\debug\xatomic_wait.h_eswpsotkm4z0g51v.obj
c:\gameprograming\cpp\cpp_all_in_one\cpp_all_in_one\x64\debug\xfacet_108s3k8akerhawfj.ifc
c:\gameprograming\cpp\cpp_all_in_one\cpp_all_in_one\x64\debug\xfacet_108s3k8akerhawfj.ifc.d.json
c:\gameprograming\cpp\cpp_all_in_one\cpp_all_in_one\x64\debug\xfacet_108s3k8akerhawfj.obj
c:\gameprograming\cpp\cpp_all_in_one\cpp_all_in_one\x64\debug\vector_ib4yaij0ef8rv5s4.ifc
c:\gameprograming\cpp\cpp_all_in_one\cpp_all_in_one\x64\debug\vector_ib4yaij0ef8rv5s4.ifc.d.json
c:\gameprograming\cpp\cpp_all_in_one\cpp_all_in_one\x64\debug\vector_ib4yaij0ef8rv5s4.obj
c:\gameprograming\cpp\cpp_all_in_one\cpp_all_in_one\x64\debug\xthreads.h_8twofqjp0joy128i.ifc
c:\gameprograming\cpp\cpp_all_in_one\cpp_all_in_one\x64\debug\xthreads.h_8twofqjp0joy128i.ifc.d.json
c:\gameprograming\cpp\cpp_all_in_one\cpp_all_in_one\x64\debug\xthreads.h_8twofqjp0joy128i.obj
c:\gameprograming\cpp\cpp_all_in_one\cpp_all_in_one\x64\debug\__msvc_minmax.hpp_dnxbxl2a0qcg2516.ifc
c:\gameprograming\cpp\cpp_all_in_one\cpp_all_in_one\x64\debug\__msvc_minmax.hpp_dnxbxl2a0qcg2516.ifc.d.json
c:\gameprograming\cpp\cpp_all_in_one\cpp_all_in_one\x64\debug\__msvc_minmax.hpp_dnxbxl2a0qcg2516.obj
c:\gameprograming\cpp\cpp_all_in_one\cpp_all_in_one\x64\debug\thread_8own9xtkxjbmj14t.ifc
c:\gameprograming\cpp\cpp_all_in_one\cpp_all_in_one\x64\debug\thread_8own9xtkxjbmj14t.ifc.d.json
c:\gameprograming\cpp\cpp_all_in_one\cpp_all_in_one\x64\debug\thread_8own9xtkxjbmj14t.obj
c:\gameprograming\cpp\cpp_all_in_one\cpp_all_in_one\x64\debug\xstring_1ezejy7j9dyyiin8.ifc
c:\gameprograming\cpp\cpp_all_in_one\cpp_all_in_one\x64\debug\xstring_1ezejy7j9dyyiin8.ifc.d.json
c:\gameprograming\cpp\cpp_all_in_one\cpp_all_in_one\x64\debug\xstring_1ezejy7j9dyyiin8.obj
c:\gameprograming\cpp\cpp_all_in_one\cpp_all_in_one\x64\debug\xlocmon_3fbewggwh6kczr6j.ifc
c:\gameprograming\cpp\cpp_all_in_one\cpp_all_in_one\x64\debug\xlocmon_3fbewggwh6kczr6j.ifc.d.json
c:\gameprograming\cpp\cpp_all_in_one\cpp_all_in_one\x64\debug\xlocmon_3fbewggwh6kczr6j.obj
c:\gameprograming\cpp\cpp_all_in_one\cpp_all_in_one\x64\debug\string_6cmzhj6efexbht0v.ifc
c:\gameprograming\cpp\cpp_all_in_one\cpp_all_in_one\x64\debug\string_6cmzhj6efexbht0v.ifc.d.json
c:\gameprograming\cpp\cpp_all_in_one\cpp_all_in_one\x64\debug\string_6cmzhj6efexbht0v.obj
c:\gameprograming\cpp\cpp_all_in_one\cpp_all_in_one\x64\debug\map_s350j5eqyscanabi.ifc
c:\gameprograming\cpp\cpp_all_in_one\cpp_all_in_one\x64\debug\map_s350j5eqyscanabi.ifc.d.json
c:\gameprograming\cpp\cpp_all_in_one\cpp_all_in_one\x64\debug\map_s350j5eqyscanabi.obj
c:\gameprograming\cpp\cpp_all_in_one\cpp_all_in_one\x64\debug\xtree_mqxf7m6k5ip09b54.ifc
c:\gameprograming\cpp\cpp_all_in_one\cpp_all_in_one\x64\debug\xtree_mqxf7m6k5ip09b54.ifc.d.json
c:\gameprograming\cpp\cpp_all_in_one\cpp_all_in_one\x64\debug\xtree_mqxf7m6k5ip09b54.obj
c:\gameprograming\cpp\cpp_all_in_one\cpp_all_in_one\x64\debug\xiosbase_h1tf195vadjzqk5r.ifc
c:\gameprograming\cpp\cpp_all_in_one\cpp_all_in_one\x64\debug\xiosbase_h1tf195vadjzqk5r.ifc.d.json
c:\gameprograming\cpp\cpp_all_in_one\cpp_all_in_one\x64\debug\xiosbase_h1tf195vadjzqk5r.obj
c:\gameprograming\cpp\cpp_all_in_one\cpp_all_in_one\x64\debug\xloctime_aotalh6esctmhgdg.ifc
c:\gameprograming\cpp\cpp_all_in_one\cpp_all_in_one\x64\debug\xloctime_aotalh6esctmhgdg.ifc.d.json
c:\gameprograming\cpp\cpp_all_in_one\cpp_all_in_one\x64\debug\xloctime_aotalh6esctmhgdg.obj
c:\gameprograming\cpp\cpp_all_in_one\cpp_all_in_one\x64\debug\xtimec.h_ju7n6svzd3oqlniz.ifc
c:\gameprograming\cpp\cpp_all_in_one\cpp_all_in_one\x64\debug\xtimec.h_ju7n6svzd3oqlniz.ifc.d.json
c:\gameprograming\cpp\cpp_all_in_one\cpp_all_in_one\x64\debug\xtimec.h_ju7n6svzd3oqlniz.obj
c:\gameprograming\cpp\cpp_all_in_one\cpp_all_in_one\x64\debug\__msvc_system_error_abi.hpp_rjasevohyvtp20l3.ifc
c:\gameprograming\cpp\cpp_all_in_one\cpp_all_in_one\x64\debug\__msvc_system_error_abi.hpp_rjasevohyvtp20l3.ifc.d.json
c:\gameprograming\cpp\cpp_all_in_one\cpp_all_in_one\x64\debug\__msvc_system_error_abi.hpp_rjasevohyvtp20l3.obj
c:\gameprograming\cpp\cpp_all_in_one\cpp_all_in_one\x64\debug\concepts_cvs00u6ojlpke50k.ifc
c:\gameprograming\cpp\cpp_all_in_one\cpp_all_in_one\x64\debug\concepts_cvs00u6ojlpke50k.ifc.d.json
c:\gameprograming\cpp\cpp_all_in_one\cpp_all_in_one\x64\debug\concepts_cvs00u6ojlpke50k.obj
c:\gameprograming\cpp\cpp_all_in_one\cpp_all_in_one\x64\debug\set_012e80lcuz9sra2r.ifc
c:\gameprograming\cpp\cpp_all_in_one\cpp_all_in_one\x64\debug\set_012e80lcuz9sra2r.ifc.d.json
c:\gameprograming\cpp\cpp_all_in_one\cpp_all_in_one\x64\debug\set_012e80lcuz9sra2r.obj
c:\gameprograming\cpp\cpp_all_in_one\cpp_all_in_one\x64\debug\streambuf_i31w7dkvj0u25808.ifc
c:\gameprograming\cpp\cpp_all_in_one\cpp_all_in_one\x64\debug\streambuf_i31w7dkvj0u25808.ifc.d.json
c:\gameprograming\cpp\cpp_all_in_one\cpp_all_in_one\x64\debug\streambuf_i31w7dkvj0u25808.obj
c:\gameprograming\cpp\cpp_all_in_one\cpp_all_in_one\x64\debug\type_traits_3uqol4y78bsmfjmy.ifc
c:\gameprograming\cpp\cpp_all_in_one\cpp_all_in_one\x64\debug\type_traits_3uqol4y78bsmfjmy.ifc.d.json
c:\gameprograming\cpp\cpp_all_in_one\cpp_all_in_one\x64\debug\type_traits_3uqol4y78bsmfjmy.obj
c:\gameprograming\cpp\cpp_all_in_one\cpp_all_in_one\x64\debug\__msvc_ostream.hpp_os5krzvl6z7ex368.ifc
c:\gameprograming\cpp\cpp_all_in_one\cpp_all_in_one\x64\debug\__msvc_ostream.hpp_os5krzvl6z7ex368.ifc.d.json
c:\gameprograming\cpp\cpp_all_in_one\cpp_all_in_one\x64\debug\__msvc_ostream.hpp_os5krzvl6z7ex368.obj
c:\gameprograming\cpp\cpp_all_in_one\cpp_all_in_one\x64\debug\iosfwd_v3rhbfaysryjl1ad.ifc
c:\gameprograming\cpp\cpp_all_in_one\cpp_all_in_one\x64\debug\iosfwd_v3rhbfaysryjl1ad.ifc.d.json
c:\gameprograming\cpp\cpp_all_in_one\cpp_all_in_one\x64\debug\iosfwd_v3rhbfaysryjl1ad.obj
c:\gameprograming\cpp\cpp_all_in_one\cpp_all_in_one\x64\debug\__msvc_string_view.hpp_gwrmn3mw35p7bd9e.ifc
c:\gameprograming\cpp\cpp_all_in_one\cpp_all_in_one\x64\debug\__msvc_string_view.hpp_gwrmn3mw35p7bd9e.ifc.d.json
c:\gameprograming\cpp\cpp_all_in_one\cpp_all_in_one\x64\debug\__msvc_string_view.hpp_gwrmn3mw35p7bd9e.obj
c:\gameprograming\cpp\cpp_all_in_one\cpp_all_in_one\x64\debug\ctime_ijhu8yqe8uq3v50i.ifc
c:\gameprograming\cpp\cpp_all_in_one\cpp_all_in_one\x64\debug\ctime_ijhu8yqe8uq3v50i.ifc.d.json
c:\gameprograming\cpp\cpp_all_in_one\cpp_all_in_one\x64\debug\ctime_ijhu8yqe8uq3v50i.obj
c:\gameprograming\cpp\cpp_all_in_one\cpp_all_in_one\x64\debug\cerrno_q2mgtx6bwuubi337.ifc
c:\gameprograming\cpp\cpp_all_in_one\cpp_all_in_one\x64\debug\cerrno_q2mgtx6bwuubi337.ifc.d.json
c:\gameprograming\cpp\cpp_all_in_one\cpp_all_in_one\x64\debug\cerrno_q2mgtx6bwuubi337.obj
c:\gameprograming\cpp\cpp_all_in_one\cpp_all_in_one\x64\debug\limits_cnodz6pmeytmwk9q.ifc
c:\gameprograming\cpp\cpp_all_in_one\cpp_all_in_one\x64\debug\limits_cnodz6pmeytmwk9q.ifc.d.json
c:\gameprograming\cpp\cpp_all_in_one\cpp_all_in_one\x64\debug\limits_cnodz6pmeytmwk9q.obj
c:\gameprograming\cpp\cpp_all_in_one\cpp_all_in_one\x64\debug\climits_yrf0yk6htt199404.ifc
c:\gameprograming\cpp\cpp_all_in_one\cpp_all_in_one\x64\debug\climits_yrf0yk6htt199404.ifc.d.json
c:\gameprograming\cpp\cpp_all_in_one\cpp_all_in_one\x64\debug\climits_yrf0yk6htt199404.obj
c:\gameprograming\cpp\cpp_all_in_one\cpp_all_in_one\x64\debug\xerrc.h_oe9baeewqpmv082y.ifc
c:\gameprograming\cpp\cpp_all_in_one\cpp_all_in_one\x64\debug\xerrc.h_oe9baeewqpmv082y.ifc.d.json
c:\gameprograming\cpp\cpp_all_in_one\cpp_all_in_one\x64\debug\xerrc.h_oe9baeewqpmv082y.obj
c:\gameprograming\cpp\cpp_all_in_one\cpp_all_in_one\x64\debug\stop_token_gwh1m0797gk7k6x7.ifc
c:\gameprograming\cpp\cpp_all_in_one\cpp_all_in_one\x64\debug\stop_token_gwh1m0797gk7k6x7.ifc.d.json
c:\gameprograming\cpp\cpp_all_in_one\cpp_all_in_one\x64\debug\stop_token_gwh1m0797gk7k6x7.obj
c:\gameprograming\cpp\cpp_all_in_one\cpp_all_in_one\x64\debug\xatomic.h_k58fefm7kiegvfgp.ifc
c:\gameprograming\cpp\cpp_all_in_one\cpp_all_in_one\x64\debug\xatomic.h_k58fefm7kiegvfgp.ifc.d.json
c:\gameprograming\cpp\cpp_all_in_one\cpp_all_in_one\x64\debug\xatomic.h_k58fefm7kiegvfgp.obj
c:\gameprograming\cpp\cpp_all_in_one\cpp_all_in_one\x64\debug\cstddef_6236qzox823w3qxt.ifc
c:\gameprograming\cpp\cpp_all_in_one\cpp_all_in_one\x64\debug\cstddef_6236qzox823w3qxt.ifc.d.json
c:\gameprograming\cpp\cpp_all_in_one\cpp_all_in_one\x64\debug\cstddef_6236qzox823w3qxt.obj
c:\gameprograming\cpp\cpp_all_in_one\cpp_all_in_one\x64\debug\cmath_kd01ftlklw1yt87s.ifc
c:\gameprograming\cpp\cpp_all_in_one\cpp_all_in_one\x64\debug\cmath_kd01ftlklw1yt87s.ifc.d.json
c:\gameprograming\cpp\cpp_all_in_one\cpp_all_in_one\x64\debug\cmath_kd01ftlklw1yt87s.obj
c:\gameprograming\cpp\cpp_all_in_one\cpp_all_in_one\x64\debug\xfilesystem_abi.h_6tzmt4tw7deio18s.ifc
c:\gameprograming\cpp\cpp_all_in_one\cpp_all_in_one\x64\debug\xfilesystem_abi.h_6tzmt4tw7deio18s.ifc.d.json
c:\gameprograming\cpp\cpp_all_in_one\cpp_all_in_one\x64\debug\xfilesystem_abi.h_6tzmt4tw7deio18s.obj
c:\gameprograming\cpp\cpp_all_in_one\cpp_all_in_one\x64\debug\iostream_8etx813dwpk7o81m.ifc
c:\gameprograming\cpp\cpp_all_in_one\cpp_all_in_one\x64\debug\iostream_8etx813dwpk7o81m.ifc.d.json
c:\gameprograming\cpp\cpp_all_in_one\cpp_all_in_one\x64\debug\iostream_8etx813dwpk7o81m.obj
c:\gameprograming\cpp\cpp_all_in_one\cpp_all_in_one\x64\debug\exception_nbtu1mgq4njc723l.ifc
c:\gameprograming\cpp\cpp_all_in_one\cpp_all_in_one\x64\debug\exception_nbtu1mgq4njc723l.ifc.d.json
c:\gameprograming\cpp\cpp_all_in_one\cpp_all_in_one\x64\debug\exception_nbtu1mgq4njc723l.obj
c:\gameprograming\cpp\cpp_all_in_one\cpp_all_in_one\x64\debug\charconv_tepnp8duq7esvcei.ifc
c:\gameprograming\cpp\cpp_all_in_one\cpp_all_in_one\x64\debug\charconv_tepnp8duq7esvcei.ifc.d.json
c:\gameprograming\cpp\cpp_all_in_one\cpp_all_in_one\x64\debug\charconv_tepnp8duq7esvcei.obj
c:\gameprograming\cpp\cpp_all_in_one\cpp_all_in_one\x64\debug\clocale_o04t7h1kghdpdbe8.ifc
c:\gameprograming\cpp\cpp_all_in_one\cpp_all_in_one\x64\debug\clocale_o04t7h1kghdpdbe8.ifc.d.json
c:\gameprograming\cpp\cpp_all_in_one\cpp_all_in_one\x64\debug\clocale_o04t7h1kghdpdbe8.obj
c:\gameprograming\cpp\cpp_all_in_one\cpp_all_in_one\x64\debug\xcharconv_tables.h_3ukllyyqhxys9lpx.ifc
c:\gameprograming\cpp\cpp_all_in_one\cpp_all_in_one\x64\debug\xcharconv_tables.h_3ukllyyqhxys9lpx.ifc.d.json
c:\gameprograming\cpp\cpp_all_in_one\cpp_all_in_one\x64\debug\xcharconv_tables.h_3ukllyyqhxys9lpx.obj
c:\gameprograming\cpp\cpp_all_in_one\cpp_all_in_one\x64\debug\format_orkq5aa624qae707.ifc
c:\gameprograming\cpp\cpp_all_in_one\cpp_all_in_one\x64\debug\format_orkq5aa624qae707.ifc.d.json
c:\gameprograming\cpp\cpp_all_in_one\cpp_all_in_one\x64\debug\format_orkq5aa624qae707.obj
c:\gameprograming\cpp\cpp_all_in_one\cpp_all_in_one\x64\debug\locale_5yorqxh1td4lugi3.ifc
c:\gameprograming\cpp\cpp_all_in_one\cpp_all_in_one\x64\debug\locale_5yorqxh1td4lugi3.ifc.d.json
c:\gameprograming\cpp\cpp_all_in_one\cpp_all_in_one\x64\debug\locale_5yorqxh1td4lugi3.obj
c:\gameprograming\cpp\cpp_all_in_one\cpp_all_in_one\x64\debug\algorithm_1yoqy3hp5o23s5bq.ifc
c:\gameprograming\cpp\cpp_all_in_one\cpp_all_in_one\x64\debug\algorithm_1yoqy3hp5o23s5bq.ifc.d.json
c:\gameprograming\cpp\cpp_all_in_one\cpp_all_in_one\x64\debug\algorithm_1yoqy3hp5o23s5bq.obj
c:\gameprograming\cpp\cpp_all_in_one\cpp_all_in_one\x64\debug\__msvc_format_ucd_tables.hpp_1akigjqgofwdubgy.ifc
c:\gameprograming\cpp\cpp_all_in_one\cpp_all_in_one\x64\debug\__msvc_format_ucd_tables.hpp_1akigjqgofwdubgy.ifc.d.json
c:\gameprograming\cpp\cpp_all_in_one\cpp_all_in_one\x64\debug\__msvc_format_ucd_tables.hpp_1akigjqgofwdubgy.obj
c:\gameprograming\cpp\cpp_all_in_one\cpp_all_in_one\x64\debug\xlocinfo_2qk26654hruix0d1.ifc
c:\gameprograming\cpp\cpp_all_in_one\cpp_all_in_one\x64\debug\xlocinfo_2qk26654hruix0d1.ifc.d.json
c:\gameprograming\cpp\cpp_all_in_one\cpp_all_in_one\x64\debug\xlocinfo_2qk26654hruix0d1.obj
c:\gameprograming\cpp\cpp_all_in_one\cpp_all_in_one\x64\debug\__msvc_xlocinfo_types.hpp_2mo9oxnw3v6of11g.ifc
c:\gameprograming\cpp\cpp_all_in_one\cpp_all_in_one\x64\debug\__msvc_xlocinfo_types.hpp_2mo9oxnw3v6of11g.ifc.d.json
c:\gameprograming\cpp\cpp_all_in_one\cpp_all_in_one\x64\debug\__msvc_xlocinfo_types.hpp_2mo9oxnw3v6of11g.obj
c:\gameprograming\cpp\cpp_all_in_one\cpp_all_in_one\x64\debug\atomic_eekvbmhblto8t3n3.ifc
c:\gameprograming\cpp\cpp_all_in_one\cpp_all_in_one\x64\debug\atomic_eekvbmhblto8t3n3.ifc.d.json
c:\gameprograming\cpp\cpp_all_in_one\cpp_all_in_one\x64\debug\atomic_eekvbmhblto8t3n3.obj
c:\gameprograming\cpp\cpp_all_in_one\cpp_all_in_one\x64\debug\istream_ly71zpwh8wyemzzv.ifc
c:\gameprograming\cpp\cpp_all_in_one\cpp_all_in_one\x64\debug\istream_ly71zpwh8wyemzzv.ifc.d.json
c:\gameprograming\cpp\cpp_all_in_one\cpp_all_in_one\x64\debug\istream_ly71zpwh8wyemzzv.obj
c:\gameprograming\cpp\cpp_all_in_one\cpp_all_in_one\x64\debug\initializer_list_hf11lpb6ruv111nx.ifc
c:\gameprograming\cpp\cpp_all_in_one\cpp_all_in_one\x64\debug\initializer_list_hf11lpb6ruv111nx.ifc.d.json
c:\gameprograming\cpp\cpp_all_in_one\cpp_all_in_one\x64\debug\initializer_list_hf11lpb6ruv111nx.obj
c:\gameprograming\cpp\cpp_all_in_one\cpp_all_in_one\x64\debug\__msvc_print.hpp_o0j057du0pgreoyz.ifc
c:\gameprograming\cpp\cpp_all_in_one\cpp_all_in_one\x64\debug\__msvc_print.hpp_o0j057du0pgreoyz.ifc.d.json
c:\gameprograming\cpp\cpp_all_in_one\cpp_all_in_one\x64\debug\__msvc_print.hpp_o0j057du0pgreoyz.obj
c:\gameprograming\cpp\cpp_all_in_one\cpp_all_in_one\x64\debug\typeinfo_bd22smdqfv1yya9h.ifc
c:\gameprograming\cpp\cpp_all_in_one\cpp_all_in_one\x64\debug\typeinfo_bd22smdqfv1yya9h.ifc.d.json
c:\gameprograming\cpp\cpp_all_in_one\cpp_all_in_one\x64\debug\typeinfo_bd22smdqfv1yya9h.obj
c:\gameprograming\cpp\cpp_all_in_one\cpp_all_in_one\x64\debug\xcharconv_ryu.h_hg5amryqa7ujpdp6.ifc
c:\gameprograming\cpp\cpp_all_in_one\cpp_all_in_one\x64\debug\xcharconv_ryu.h_hg5amryqa7ujpdp6.ifc.d.json
c:\gameprograming\cpp\cpp_all_in_one\cpp_all_in_one\x64\debug\xcharconv_ryu.h_hg5amryqa7ujpdp6.obj
c:\gameprograming\cpp\cpp_all_in_one\cpp_all_in_one\x64\debug\bit_m1ov7uiq1lj5473s.ifc
c:\gameprograming\cpp\cpp_all_in_one\cpp_all_in_one\x64\debug\bit_m1ov7uiq1lj5473s.ifc.d.json
c:\gameprograming\cpp\cpp_all_in_one\cpp_all_in_one\x64\debug\bit_m1ov7uiq1lj5473s.obj
c:\gameprograming\cpp\cpp_all_in_one\cpp_all_in_one\x64\debug\__msvc_threads_core.hpp_04c0rwfkzchau2fd.ifc
c:\gameprograming\cpp\cpp_all_in_one\cpp_all_in_one\x64\debug\__msvc_threads_core.hpp_04c0rwfkzchau2fd.ifc.d.json
c:\gameprograming\cpp\cpp_all_in_one\cpp_all_in_one\x64\debug\__msvc_threads_core.hpp_04c0rwfkzchau2fd.obj
c:\gameprograming\cpp\cpp_all_in_one\cpp_all_in_one\x64\debug\compare_qp0k05pzk3qhw0me.ifc
c:\gameprograming\cpp\cpp_all_in_one\cpp_all_in_one\x64\debug\compare_qp0k05pzk3qhw0me.ifc.d.json
c:\gameprograming\cpp\cpp_all_in_one\cpp_all_in_one\x64\debug\compare_qp0k05pzk3qhw0me.obj
c:\gameprograming\cpp\cpp_all_in_one\cpp_all_in_one\x64\debug\__msvc_heap_algorithms.hpp_y8uqwxp0aof7i4tm.ifc
c:\gameprograming\cpp\cpp_all_in_one\cpp_all_in_one\x64\debug\__msvc_heap_algorithms.hpp_y8uqwxp0aof7i4tm.ifc.d.json
c:\gameprograming\cpp\cpp_all_in_one\cpp_all_in_one\x64\debug\__msvc_heap_algorithms.hpp_y8uqwxp0aof7i4tm.obj
c:\gameprograming\cpp\cpp_all_in_one\cpp_all_in_one\x64\debug\xlocmes_xak1k0aqqo57zjez.ifc
c:\gameprograming\cpp\cpp_all_in_one\cpp_all_in_one\x64\debug\xlocmes_xak1k0aqqo57zjez.ifc.d.json
c:\gameprograming\cpp\cpp_all_in_one\cpp_all_in_one\x64\debug\xlocmes_xak1k0aqqo57zjez.obj
c:\gameprograming\cpp\cpp_all_in_one\cpp_all_in_one\x64\debug\stdexcept_2fjml0sej45jr9li.ifc
c:\gameprograming\cpp\cpp_all_in_one\cpp_all_in_one\x64\debug\stdexcept_2fjml0sej45jr9li.ifc.d.json
c:\gameprograming\cpp\cpp_all_in_one\cpp_all_in_one\x64\debug\stdexcept_2fjml0sej45jr9li.obj
c:\gameprograming\cpp\cpp_all_in_one\cpp_all_in_one\x64\debug\xmemory_tw40fcr9dizf6m2q.ifc
c:\gameprograming\cpp\cpp_all_in_one\cpp_all_in_one\x64\debug\xmemory_tw40fcr9dizf6m2q.ifc.d.json
c:\gameprograming\cpp\cpp_all_in_one\cpp_all_in_one\x64\debug\xmemory_tw40fcr9dizf6m2q.obj
c:\gameprograming\cpp\cpp_all_in_one\cpp_all_in_one\x64\debug\mutex_j1s7hot29wckqjsf.ifc
c:\gameprograming\cpp\cpp_all_in_one\cpp_all_in_one\x64\debug\mutex_j1s7hot29wckqjsf.ifc.d.json
c:\gameprograming\cpp\cpp_all_in_one\cpp_all_in_one\x64\debug\mutex_j1s7hot29wckqjsf.obj
c:\gameprograming\cpp\cpp_all_in_one\cpp_all_in_one\x64\debug\ios_q475b9p0ifgc7fxs.ifc
c:\gameprograming\cpp\cpp_all_in_one\cpp_all_in_one\x64\debug\ios_q475b9p0ifgc7fxs.ifc.d.json
c:\gameprograming\cpp\cpp_all_in_one\cpp_all_in_one\x64\debug\ios_q475b9p0ifgc7fxs.obj
c:\gameprograming\cpp\cpp_all_in_one\cpp_all_in_one\x64\debug\__msvc_sanitizer_annotate_container.hpp_c6ilgc392slfh9cb.ifc
c:\gameprograming\cpp\cpp_all_in_one\cpp_all_in_one\x64\debug\__msvc_sanitizer_annotate_container.hpp_c6ilgc392slfh9cb.ifc.d.json
c:\gameprograming\cpp\cpp_all_in_one\cpp_all_in_one\x64\debug\__msvc_sanitizer_annotate_container.hpp_c6ilgc392slfh9cb.obj
c:\gameprograming\cpp\cpp_all_in_one\cpp_all_in_one\x64\debug\new_6v0owcdnmzbd0416.ifc
c:\gameprograming\cpp\cpp_all_in_one\cpp_all_in_one\x64\debug\new_6v0owcdnmzbd0416.ifc.d.json
c:\gameprograming\cpp\cpp_all_in_one\cpp_all_in_one\x64\debug\new_6v0owcdnmzbd0416.obj
c:\gameprograming\cpp\cpp_all_in_one\cpp_all_in_one\x64\debug\xlocbuf_0r8esckjrxz3verx.ifc
c:\gameprograming\cpp\cpp_all_in_one\cpp_all_in_one\x64\debug\xlocbuf_0r8esckjrxz3verx.ifc.d.json
c:\gameprograming\cpp\cpp_all_in_one\cpp_all_in_one\x64\debug\xlocbuf_0r8esckjrxz3verx.obj
c:\gameprograming\cpp\cpp_all_in_one\cpp_all_in_one\x64\debug\cstdio_lbjrp3b39rzobv72.ifc
c:\gameprograming\cpp\cpp_all_in_one\cpp_all_in_one\x64\debug\cstdio_lbjrp3b39rzobv72.ifc.d.json
c:\gameprograming\cpp\cpp_all_in_one\cpp_all_in_one\x64\debug\cstdio_lbjrp3b39rzobv72.obj
c:\gameprograming\cpp\cpp_all_in_one\cpp_all_in_one\x64\debug\xtr1common_v401a4pcgt3mnztv.ifc
c:\gameprograming\cpp\cpp_all_in_one\cpp_all_in_one\x64\debug\xtr1common_v401a4pcgt3mnztv.ifc.d.json
c:\gameprograming\cpp\cpp_all_in_one\cpp_all_in_one\x64\debug\xtr1common_v401a4pcgt3mnztv.obj
c:\gameprograming\cpp\cpp_all_in_one\cpp_all_in_one\x64\debug\xcall_once.h_47twxfctndtw06j2.ifc
c:\gameprograming\cpp\cpp_all_in_one\cpp_all_in_one\x64\debug\xcall_once.h_47twxfctndtw06j2.ifc.d.json
c:\gameprograming\cpp\cpp_all_in_one\cpp_all_in_one\x64\debug\xcall_once.h_47twxfctndtw06j2.obj
c:\gameprograming\cpp\cpp_all_in_one\cpp_all_in_one\x64\debug\list_0bfigz32ki6pq572.ifc
c:\gameprograming\cpp\cpp_all_in_one\cpp_all_in_one\x64\debug\list_0bfigz32ki6pq572.ifc.d.json
c:\gameprograming\cpp\cpp_all_in_one\cpp_all_in_one\x64\debug\list_0bfigz32ki6pq572.obj
c:\gameprograming\cpp\cpp_all_in_one\cpp_all_in_one\x64\debug\__msvc_formatter.hpp_t1n4ueqyf1yq6r12.ifc
c:\gameprograming\cpp\cpp_all_in_one\cpp_all_in_one\x64\debug\__msvc_formatter.hpp_t1n4ueqyf1yq6r12.ifc.d.json
c:\gameprograming\cpp\cpp_all_in_one\cpp_all_in_one\x64\debug\__msvc_formatter.hpp_t1n4ueqyf1yq6r12.obj
c:\gameprograming\cpp\cpp_all_in_one\cpp_all_in_one\x64\debug\ostream_wft9yav7jz4p93a5.ifc
c:\gameprograming\cpp\cpp_all_in_one\cpp_all_in_one\x64\debug\ostream_wft9yav7jz4p93a5.ifc.d.json
c:\gameprograming\cpp\cpp_all_in_one\cpp_all_in_one\x64\debug\ostream_wft9yav7jz4p93a5.obj
c:\gameprograming\cpp\cpp_all_in_one\cpp_all_in_one\x64\debug\__msvc_ranges_tuple_formatter.hpp_4lj5ih1ntsespktt.ifc
c:\gameprograming\cpp\cpp_all_in_one\cpp_all_in_one\x64\debug\__msvc_ranges_tuple_formatter.hpp_4lj5ih1ntsespktt.ifc.d.json
c:\gameprograming\cpp\cpp_all_in_one\cpp_all_in_one\x64\debug\__msvc_ranges_tuple_formatter.hpp_4lj5ih1ntsespktt.obj
c:\gameprograming\cpp\cpp_all_in_one\cpp_all_in_one\x64\debug\optional_f1fn86nxv9togn5o.ifc
c:\gameprograming\cpp\cpp_all_in_one\cpp_all_in_one\x64\debug\optional_f1fn86nxv9togn5o.ifc.d.json
c:\gameprograming\cpp\cpp_all_in_one\cpp_all_in_one\x64\debug\optional_f1fn86nxv9togn5o.obj
c:\gameprograming\cpp\cpp_all_in_one\cpp_all_in_one\x64\debug\tuple_dwpc2hh0s2rvjoot.ifc
c:\gameprograming\cpp\cpp_all_in_one\cpp_all_in_one\x64\debug\tuple_dwpc2hh0s2rvjoot.ifc.d.json
c:\gameprograming\cpp\cpp_all_in_one\cpp_all_in_one\x64\debug\tuple_dwpc2hh0s2rvjoot.obj
c:\gameprograming\cpp\cpp_all_in_one\cpp_all_in_one\x64\debug\__msvc_iter_core.hpp_p6f3jf9xiftcnkaz.ifc
c:\gameprograming\cpp\cpp_all_in_one\cpp_all_in_one\x64\debug\__msvc_iter_core.hpp_p6f3jf9xiftcnkaz.ifc.d.json
c:\gameprograming\cpp\cpp_all_in_one\cpp_all_in_one\x64\debug\__msvc_iter_core.hpp_p6f3jf9xiftcnkaz.obj
c:\gameprograming\cpp\cpp_all_in_one\cpp_all_in_one\x64\debug\xcharconv.h_06ox3rcplys3hto6.ifc
c:\gameprograming\cpp\cpp_all_in_one\cpp_all_in_one\x64\debug\xcharconv.h_06ox3rcplys3hto6.ifc.d.json
c:\gameprograming\cpp\cpp_all_in_one\cpp_all_in_one\x64\debug\xcharconv.h_06ox3rcplys3hto6.obj
c:\gameprograming\cpp\cpp_all_in_one\cpp_all_in_one\x64\debug\ratio_5yaxammyzh7jxosr.ifc
c:\gameprograming\cpp\cpp_all_in_one\cpp_all_in_one\x64\debug\ratio_5yaxammyzh7jxosr.ifc.d.json
c:\gameprograming\cpp\cpp_all_in_one\cpp_all_in_one\x64\debug\ratio_5yaxammyzh7jxosr.obj
c:\gameprograming\cpp\cpp_all_in_one\cpp_all_in_one\x64\debug\xsmf_control.h_1j8dvfyjs0vu86k6.ifc
c:\gameprograming\cpp\cpp_all_in_one\cpp_all_in_one\x64\debug\xsmf_control.h_1j8dvfyjs0vu86k6.ifc.d.json
c:\gameprograming\cpp\cpp_all_in_one\cpp_all_in_one\x64\debug\xsmf_control.h_1j8dvfyjs0vu86k6.obj
c:\gameprograming\cpp\cpp_all_in_one\cpp_all_in_one\x64\debug\__msvc_bit_utils.hpp_o2vhj4zo7tfazgte.ifc
c:\gameprograming\cpp\cpp_all_in_one\cpp_all_in_one\x64\debug\__msvc_bit_utils.hpp_o2vhj4zo7tfazgte.ifc.d.json
c:\gameprograming\cpp\cpp_all_in_one\cpp_all_in_one\x64\debug\__msvc_bit_utils.hpp_o2vhj4zo7tfazgte.obj
c:\gameprograming\cpp\cpp_all_in_one\cpp_all_in_one\x64\debug\cwchar_qr8k3w9xoxecwa11.ifc
c:\gameprograming\cpp\cpp_all_in_one\cpp_all_in_one\x64\debug\cwchar_qr8k3w9xoxecwa11.ifc.d.json
c:\gameprograming\cpp\cpp_all_in_one\cpp_all_in_one\x64\debug\cwchar_qr8k3w9xoxecwa11.obj
c:\gameprograming\cpp\cpp_all_in_one\cpp_all_in_one\x64\debug\memory_gwaaebpyie6mlik8.ifc
c:\gameprograming\cpp\cpp_all_in_one\cpp_all_in_one\x64\debug\memory_gwaaebpyie6mlik8.ifc.d.json
c:\gameprograming\cpp\cpp_all_in_one\cpp_all_in_one\x64\debug\memory_gwaaebpyie6mlik8.obj
c:\gameprograming\cpp\cpp_all_in_one\cpp_all_in_one\x64\debug\functional_ce7jara8odxb5cdd.ifc
c:\gameprograming\cpp\cpp_all_in_one\cpp_all_in_one\x64\debug\functional_ce7jara8odxb5cdd.ifc.d.json
c:\gameprograming\cpp\cpp_all_in_one\cpp_all_in_one\x64\debug\functional_ce7jara8odxb5cdd.obj
c:\gameprograming\cpp\cpp_all_in_one\cpp_all_in_one\x64\debug\xhash_eyao65lae9f25dbs.ifc
c:\gameprograming\cpp\cpp_all_in_one\cpp_all_in_one\x64\debug\xhash_eyao65lae9f25dbs.ifc.d.json
c:\gameprograming\cpp\cpp_all_in_one\cpp_all_in_one\x64\debug\xhash_eyao65lae9f25dbs.obj
c:\gameprograming\cpp\cpp_all_in_one\cpp_all_in_one\x64\debug\unordered_map_gobqa8yru6k4fgy6.ifc
c:\gameprograming\cpp\cpp_all_in_one\cpp_all_in_one\x64\debug\unordered_map_gobqa8yru6k4fgy6.ifc.d.json
c:\gameprograming\cpp\cpp_all_in_one\cpp_all_in_one\x64\debug\unordered_map_gobqa8yru6k4fgy6.obj
c:\gameprograming\cpp\cpp_all_in_one\cpp_all_in_one\x64\debug\.d.json
c:\gameprograming\cpp\cpp_all_in_one\cpp_all_in_one\x64\debug\main.obj
c:\gameprograming\cpp\cpp_all_in_one\cpp_all_in_one\x64\debug\array_l8jt3n86b1xzxku8.module.json
c:\gameprograming\cpp\cpp_all_in_one\cpp_all_in_one\x64\debug\concepts_cvs00u6ojlpke50k.module.json
c:\gameprograming\cpp\cpp_all_in_one\cpp_all_in_one\x64\debug\atomic_eekvbmhblto8t3n3.module.json
c:\gameprograming\cpp\cpp_all_in_one\cpp_all_in_one\x64\debug\xcharconv_ryu.h_hg5amryqa7ujpdp6.module.json
c:\gameprograming\cpp\cpp_all_in_one\cpp_all_in_one\x64\debug\compare_qp0k05pzk3qhw0me.module.json
c:\gameprograming\cpp\cpp_all_in_one\cpp_all_in_one\x64\debug\xcharconv_tables.h_3ukllyyqhxys9lpx.module.json
c:\gameprograming\cpp\cpp_all_in_one\cpp_all_in_one\x64\debug\locale_5yorqxh1td4lugi3.module.json
c:\gameprograming\cpp\cpp_all_in_one\cpp_all_in_one\x64\debug\ctime_ijhu8yqe8uq3v50i.module.json
c:\gameprograming\cpp\cpp_all_in_one\cpp_all_in_one\x64\debug\__msvc_bit_utils.hpp_o2vhj4zo7tfazgte.module.json
c:\gameprograming\cpp\cpp_all_in_one\cpp_all_in_one\x64\debug\__msvc_heap_algorithms.hpp_y8uqwxp0aof7i4tm.module.json
c:\gameprograming\cpp\cpp_all_in_one\cpp_all_in_one\x64\debug\xcharconv.h_06ox3rcplys3hto6.module.json
c:\gameprograming\cpp\cpp_all_in_one\cpp_all_in_one\x64\debug\mutex_j1s7hot29wckqjsf.module.json
c:\gameprograming\cpp\cpp_all_in_one\cpp_all_in_one\x64\debug\thread_8own9xtkxjbmj14t.module.json
c:\gameprograming\cpp\cpp_all_in_one\cpp_all_in_one\x64\debug\xatomic_wait.h_eswpsotkm4z0g51v.module.json
c:\gameprograming\cpp\cpp_all_in_one\cpp_all_in_one\x64\debug\utility_z8fhw387umlx6pjj.module.json
c:\gameprograming\cpp\cpp_all_in_one\cpp_all_in_one\x64\debug\algorithm_1yoqy3hp5o23s5bq.module.json
c:\gameprograming\cpp\cpp_all_in_one\cpp_all_in_one\x64\debug\cwchar_qr8k3w9xoxecwa11.module.json
c:\gameprograming\cpp\cpp_all_in_one\cpp_all_in_one\x64\debug\xstring_1ezejy7j9dyyiin8.module.json
c:\gameprograming\cpp\cpp_all_in_one\cpp_all_in_one\x64\debug\xiosbase_h1tf195vadjzqk5r.module.json
c:\gameprograming\cpp\cpp_all_in_one\cpp_all_in_one\x64\debug\__msvc_chrono.hpp_0x6s89w5ui9i1o9m.module.json
c:\gameprograming\cpp\cpp_all_in_one\cpp_all_in_one\x64\debug\__msvc_xlocinfo_types.hpp_2mo9oxnw3v6of11g.module.json
c:\gameprograming\cpp\cpp_all_in_one\cpp_all_in_one\x64\debug\xlocinfo_2qk26654hruix0d1.module.json
c:\gameprograming\cpp\cpp_all_in_one\cpp_all_in_one\x64\debug\__msvc_threads_core.hpp_04c0rwfkzchau2fd.module.json
c:\gameprograming\cpp\cpp_all_in_one\cpp_all_in_one\x64\debug\__msvc_ranges_tuple_formatter.hpp_4lj5ih1ntsespktt.module.json
c:\gameprograming\cpp\cpp_all_in_one\cpp_all_in_one\x64\debug\ostream_wft9yav7jz4p93a5.module.json
c:\gameprograming\cpp\cpp_all_in_one\cpp_all_in_one\x64\debug\bit_m1ov7uiq1lj5473s.module.json
c:\gameprograming\cpp\cpp_all_in_one\cpp_all_in_one\x64\debug\cfloat_n3sx3tsvnac1r53l.module.json
c:\gameprograming\cpp\cpp_all_in_one\cpp_all_in_one\x64\debug\stdexcept_2fjml0sej45jr9li.module.json
c:\gameprograming\cpp\cpp_all_in_one\cpp_all_in_one\x64\debug\xpolymorphic_allocator.h_dwtveewm652y0m2f.module.json
c:\gameprograming\cpp\cpp_all_in_one\cpp_all_in_one\x64\debug\cctype_rtjoan0w23954khg.module.json
c:\gameprograming\cpp\cpp_all_in_one\cpp_all_in_one\x64\debug\streambuf_i31w7dkvj0u25808.module.json
c:\gameprograming\cpp\cpp_all_in_one\cpp_all_in_one\x64\debug\istream_ly71zpwh8wyemzzv.module.json
c:\gameprograming\cpp\cpp_all_in_one\cpp_all_in_one\x64\debug\xlocale_rapd8hoyczrc45ek.module.json
c:\gameprograming\cpp\cpp_all_in_one\cpp_all_in_one\x64\debug\new_6v0owcdnmzbd0416.module.json
c:\gameprograming\cpp\cpp_all_in_one\cpp_all_in_one\x64\debug\string_6cmzhj6efexbht0v.module.json
c:\gameprograming\cpp\cpp_all_in_one\cpp_all_in_one\x64\debug\set_012e80lcuz9sra2r.module.json
c:\gameprograming\cpp\cpp_all_in_one\cpp_all_in_one\x64\debug\limits_cnodz6pmeytmwk9q.module.json
c:\gameprograming\cpp\cpp_all_in_one\cpp_all_in_one\x64\debug\climits_yrf0yk6htt199404.module.json
c:\gameprograming\cpp\cpp_all_in_one\cpp_all_in_one\x64\debug\xthreads.h_8twofqjp0joy128i.module.json
c:\gameprograming\cpp\cpp_all_in_one\cpp_all_in_one\x64\debug\xmemory_tw40fcr9dizf6m2q.module.json
c:\gameprograming\cpp\cpp_all_in_one\cpp_all_in_one\x64\debug\cstring_mgv710pl4klog5b8.module.json
c:\gameprograming\cpp\cpp_all_in_one\cpp_all_in_one\x64\debug\tuple_dwpc2hh0s2rvjoot.module.json
c:\gameprograming\cpp\cpp_all_in_one\cpp_all_in_one\x64\debug\xatomic.h_k58fefm7kiegvfgp.module.json
c:\gameprograming\cpp\cpp_all_in_one\cpp_all_in_one\x64\debug\memory_gwaaebpyie6mlik8.module.json
c:\gameprograming\cpp\cpp_all_in_one\cpp_all_in_one\x64\debug\xlocmon_3fbewggwh6kczr6j.module.json
c:\gameprograming\cpp\cpp_all_in_one\cpp_all_in_one\x64\debug\__msvc_iter_core.hpp_p6f3jf9xiftcnkaz.module.json
c:\gameprograming\cpp\cpp_all_in_one\cpp_all_in_one\x64\debug\__msvc_print.hpp_o0j057du0pgreoyz.module.json
c:\gameprograming\cpp\cpp_all_in_one\cpp_all_in_one\x64\debug\xtree_mqxf7m6k5ip09b54.module.json
c:\gameprograming\cpp\cpp_all_in_one\cpp_all_in_one\x64\debug\__msvc_minmax.hpp_dnxbxl2a0qcg2516.module.json
c:\gameprograming\cpp\cpp_all_in_one\cpp_all_in_one\x64\debug\xutility_co0n70i57wbbijxq.module.json
c:\gameprograming\cpp\cpp_all_in_one\cpp_all_in_one\x64\debug\xcall_once.h_47twxfctndtw06j2.module.json
c:\gameprograming\cpp\cpp_all_in_one\cpp_all_in_one\x64\debug\xsmf_control.h_1j8dvfyjs0vu86k6.module.json
c:\gameprograming\cpp\cpp_all_in_one\cpp_all_in_one\x64\debug\cerrno_q2mgtx6bwuubi337.module.json
c:\gameprograming\cpp\cpp_all_in_one\cpp_all_in_one\x64\debug\xloctime_aotalh6esctmhgdg.module.json
c:\gameprograming\cpp\cpp_all_in_one\cpp_all_in_one\x64\debug\vector_ib4yaij0ef8rv5s4.module.json
c:\gameprograming\cpp\cpp_all_in_one\cpp_all_in_one\x64\debug\optional_f1fn86nxv9togn5o.module.json
c:\gameprograming\cpp\cpp_all_in_one\cpp_all_in_one\x64\debug\__msvc_formatter.hpp_t1n4ueqyf1yq6r12.module.json
c:\gameprograming\cpp\cpp_all_in_one\cpp_all_in_one\x64\debug\format_orkq5aa624qae707.module.json
c:\gameprograming\cpp\cpp_all_in_one\cpp_all_in_one\x64\debug\ios_q475b9p0ifgc7fxs.module.json
c:\gameprograming\cpp\cpp_all_in_one\cpp_all_in_one\x64\debug\clocale_o04t7h1kghdpdbe8.module.json
c:\gameprograming\cpp\cpp_all_in_one\cpp_all_in_one\x64\debug\initializer_list_hf11lpb6ruv111nx.module.json
c:\gameprograming\cpp\cpp_all_in_one\cpp_all_in_one\x64\debug\system_error_md9mflbkg8r9bwkz.module.json
c:\gameprograming\cpp\cpp_all_in_one\cpp_all_in_one\x64\debug\__msvc_format_ucd_tables.hpp_1akigjqgofwdubgy.module.json
c:\gameprograming\cpp\cpp_all_in_one\cpp_all_in_one\x64\debug\cstddef_6236qzox823w3qxt.module.json
c:\gameprograming\cpp\cpp_all_in_one\cpp_all_in_one\x64\debug\xfacet_108s3k8akerhawfj.module.json
c:\gameprograming\cpp\cpp_all_in_one\cpp_all_in_one\x64\debug\__msvc_system_error_abi.hpp_rjasevohyvtp20l3.module.json
c:\gameprograming\cpp\cpp_all_in_one\cpp_all_in_one\x64\debug\xtr1common_v401a4pcgt3mnztv.module.json
c:\gameprograming\cpp\cpp_all_in_one\cpp_all_in_one\x64\debug\xbit_ops.h_sy1h5yl7vhv3scwc.module.json
c:\gameprograming\cpp\cpp_all_in_one\cpp_all_in_one\x64\debug\list_0bfigz32ki6pq572.module.json
c:\gameprograming\cpp\cpp_all_in_one\cpp_all_in_one\x64\debug\xerrc.h_oe9baeewqpmv082y.module.json
c:\gameprograming\cpp\cpp_all_in_one\cpp_all_in_one\x64\debug\cstdio_lbjrp3b39rzobv72.module.json
c:\gameprograming\cpp\cpp_all_in_one\cpp_all_in_one\x64\debug\map_s350j5eqyscanabi.module.json
c:\gameprograming\cpp\cpp_all_in_one\cpp_all_in_one\x64\debug\iterator_po1m4e3kltqefw97.module.json
c:\gameprograming\cpp\cpp_all_in_one\cpp_all_in_one\x64\debug\xtimec.h_ju7n6svzd3oqlniz.module.json
c:\gameprograming\cpp\cpp_all_in_one\cpp_all_in_one\x64\debug\__msvc_sanitizer_annotate_container.hpp_c6ilgc392slfh9cb.module.json
c:\gameprograming\cpp\cpp_all_in_one\cpp_all_in_one\x64\debug\typeinfo_bd22smdqfv1yya9h.module.json
c:\gameprograming\cpp\cpp_all_in_one\cpp_all_in_one\x64\debug\xnode_handle.h_ma3s3vkiummwc91k.module.json
c:\gameprograming\cpp\cpp_all_in_one\cpp_all_in_one\x64\debug\__msvc_string_view.hpp_gwrmn3mw35p7bd9e.module.json
c:\gameprograming\cpp\cpp_all_in_one\cpp_all_in_one\x64\debug\xlocbuf_0r8esckjrxz3verx.module.json
c:\gameprograming\cpp\cpp_all_in_one\cpp_all_in_one\x64\debug\cstdint_c446wctbpibony7z.module.json
c:\gameprograming\cpp\cpp_all_in_one\cpp_all_in_one\x64\debug\charconv_tepnp8duq7esvcei.module.json
c:\gameprograming\cpp\cpp_all_in_one\cpp_all_in_one\x64\debug\__msvc_ostream.hpp_os5krzvl6z7ex368.module.json
c:\gameprograming\cpp\cpp_all_in_one\cpp_all_in_one\x64\debug\cmath_kd01ftlklw1yt87s.module.json
c:\gameprograming\cpp\cpp_all_in_one\cpp_all_in_one\x64\debug\type_traits_3uqol4y78bsmfjmy.module.json
c:\gameprograming\cpp\cpp_all_in_one\cpp_all_in_one\x64\debug\ratio_5yaxammyzh7jxosr.module.json
c:\gameprograming\cpp\cpp_all_in_one\cpp_all_in_one\x64\debug\xcharconv_ryu_tables.h_gxjfl4wh0k3cevuf.module.json
c:\gameprograming\cpp\cpp_all_in_one\cpp_all_in_one\x64\debug\stop_token_gwh1m0797gk7k6x7.module.json
c:\gameprograming\cpp\cpp_all_in_one\cpp_all_in_one\x64\debug\xlocnum_jb5aqn15g6hw79ob.module.json
c:\gameprograming\cpp\cpp_all_in_one\cpp_all_in_one\x64\debug\exception_nbtu1mgq4njc723l.module.json
c:\gameprograming\cpp\cpp_all_in_one\cpp_all_in_one\x64\debug\xlocmes_xak1k0aqqo57zjez.module.json
c:\gameprograming\cpp\cpp_all_in_one\cpp_all_in_one\x64\debug\cstdlib_dkvbwktgk9wf5me5.module.json
c:\gameprograming\cpp\cpp_all_in_one\cpp_all_in_one\x64\debug\iosfwd_v3rhbfaysryjl1ad.module.json
c:\gameprograming\cpp\cpp_all_in_one\cpp_all_in_one\x64\debug\xfilesystem_abi.h_6tzmt4tw7deio18s.module.json
c:\gameprograming\cpp\cpp_all_in_one\cpp_all_in_one\x64\debug\iostream_8etx813dwpk7o81m.module.json
c:\gameprograming\cpp\cpp_all_in_one\cpp_all_in_one\x64\debug\functional_ce7jara8odxb5cdd.module.json
c:\gameprograming\cpp\cpp_all_in_one\cpp_all_in_one\x64\debug\xhash_eyao65lae9f25dbs.module.json
c:\gameprograming\cpp\cpp_all_in_one\cpp_all_in_one\x64\debug\unordered_map_gobqa8yru6k4fgy6.module.json
c:\gameprograming\cpp\cpp_all_in_one\cpp_all_in_one\x64\debug\main.cpp.module.json
c:\gameprograming\cpp\cpp_all_in_one\cpp_all_in_one\x64\debug\cpp_all_in_one.ilk
c:\gameprograming\cpp\cpp_all_in_one\cpp_all_in_one\x64\debug\main.obj.enc
c:\gameprograming\cpp\cpp_all_in_one\cpp_all_in_one\x64\debug\vc145.idb
c:\gameprograming\cpp\cpp_all_in_one\cpp_all_in_one\x64\debug\vc145.pdb
c:\gameprograming\cpp\cpp_all_in_one\cpp_all_in_one\x64\debug\cpp_all_in_one.tlog\cl.command.1.tlog
c:\gameprograming\cpp\cpp_all_in_one\cpp_all_in_one\x64\debug\cpp_all_in_one.tlog\cl.items.tlog
c:\gameprograming\cpp\cpp_all_in_one\cpp_all_in_one\x64\debug\cpp_all_in_one.tlog\link.command.1.tlog
c:\gameprograming\cpp\cpp_all_in_one\cpp_all_in_one\x64\debug\cpp_all_in_one.tlog\link.read.1.tlog
c:\gameprograming\cpp\cpp_all_in_one\cpp_all_in_one\x64\debug\cpp_all_in_one.tlog\link.secondary.1.tlog
c:\gameprograming\cpp\cpp_all_in_one\cpp_all_in_one\x64\debug\cpp_all_in_one.tlog\link.write.1.tlog
c:\gameprograming\cpp\cpp_all_in_one\cpp_all_in_one\x64\debug\cpp_all_in_one.tlog\microsoft.build.cpptasks.cl.read.1.tlog
c:\gameprograming\cpp\cpp_all_in_one\cpp_all_in_one\x64\debug\cpp_all_in_one.tlog\microsoft.build.cpptasks.cl.write.1.tlog
c:\gameprograming\cpp\cpp_all_in_one\cpp_all_in_one\x64\debug\cpp_all_in_one_md.tlog\cl.command.1.tlog
c:\gameprograming\cpp\cpp_all_in_one\cpp_all_in_one\x64\debug\cpp_all_in_one_md.tlog\microsoft.build.cpptasks.cl.read.1.tlog
c:\gameprograming\cpp\cpp_all_in_one\cpp_all_in_one\x64\debug\cpp_all_in_one_md.tlog\microsoft.build.cpptasks.cl.write.1.tlog
