  Buffer.cpp
  BulletObject.cpp
  ClearScene.cpp
  Console.cpp
  EnemyObject.cpp
  GameScene.cpp
  IBaseObject.cpp
  ISceneBase.cpp
  LoadScene.cpp
  Main.cpp
  ManagerObject.cpp
  OverScene.cpp
  PlayerObject.cpp
  Profile.cpp
  SceneManager.cpp
  TitleScene.cpp
  코드를 생성하고 있습니다.
  Previous IPDB was built with incompatible compiler, fall back to full compilation.
  All 302 functions were compiled because no usable IPDB/IOBJ from previous compilation was found.
  코드를 생성했습니다.
  OOP_ConsoleGame.vcxproj -> C:\GamePrograming\Game Server\OOP_ConsoleGame\x64\Release\OOP_ConsoleGame.exe
