  addshlsub.cpp
  ClassStarPrint.cpp
  DFS_BFS_FindRoute.cpp
  DFS_Test.cpp
  FileSynthesis.cpp
  HashTable.cpp
  Main.cpp
C:\GameServerPrograming\CPP\CPP_All_In_One\DFS_Test.cpp(1,1): warning C4819: 현재 코드 페이지(949)에서 표시할 수 없는 문자가 파일에 들어 있습니다. 데이터가 손실되지 않게 하려면 해당 파일을 유니코드 형식으로 저장하십시오.
  make_rand.cpp
  overflow_check.cpp
  PQ_STL.cpp
  Practice01_1.cpp
  Practice01_2.cpp
C:\GameServerPrograming\CPP\CPP_All_In_One\Practice01_2.cpp(1,1): warning C4819: 현재 코드 페이지(949)에서 표시할 수 없는 문자가 파일에 들어 있습니다. 데이터가 손실되지 않게 하려면 해당 파일을 유니코드 형식으로 저장하십시오.
  Practice01_3.cpp
C:\GameServerPrograming\CPP\CPP_All_In_One\Practice01_3.cpp(1,1): warning C4819: 현재 코드 페이지(949)에서 표시할 수 없는 문자가 파일에 들어 있습니다. 데이터가 손실되지 않게 하려면 해당 파일을 유니코드 형식으로 저장하십시오.
  RandomSystem.cpp
  StartPrint.cpp
  TestCode.cpp
  TimingGame.cpp
  코드를 생성하고 있습니다.
  Previous IPDB was built with incompatible compiler, fall back to full compilation.
  All 12 functions were compiled because no usable IPDB/IOBJ from previous compilation was found.
  코드를 생성했습니다.
  CPP_All_In_One.vcxproj -> C:\GameServerPrograming\CPP\CPP_All_In_One\x64\Release\CPP_All_In_One.exe
